// Jest Snapshot v1, https://goo.gl/fbAQLP

exports[`TodoListItem renders the todo item correctly 1`] = `
<View
  accessibilityState={
    {
      "busy": undefined,
      "checked": undefined,
      "disabled": undefined,
      "expanded": undefined,
      "selected": undefined,
    }
  }
  accessibilityValue={
    {
      "max": undefined,
      "min": undefined,
      "now": undefined,
      "text": undefined,
    }
  }
  accessible={true}
  collapsable={false}
  focusable={true}
  onClick={[Function]}
  onResponderGrant={[Function]}
  onResponderMove={[Function]}
  onResponderRelease={[Function]}
  onResponderTerminate={[Function]}
  onResponderTerminationRequest={[Function]}
  onStartShouldSetResponder={[Function]}
  style={
    {
      "alignItems": "center",
      "backgroundColor": "white",
      "borderRadius": 10,
      "flexDirection": "row",
      "justifyContent": "space-between",
      "marginVertical": 8,
      "opacity": 1,
      "padding": 10,
      "shadowColor": "#171717",
      "shadowOffset": {
        "height": 4,
        "width": -2,
      },
      "shadowOpacity": 0.2,
      "shadowRadius": 3,
    }
  }
  testID="todo-item"
>
  <Text
    style={
      {
        "fontSize": 16,
      }
    }
  >
    Buy groceries
  </Text>
  <View
    accessibilityState={
      {
        "busy": undefined,
        "checked": undefined,
        "disabled": undefined,
        "expanded": undefined,
        "selected": undefined,
      }
    }
    accessibilityValue={
      {
        "max": undefined,
        "min": undefined,
        "now": undefined,
        "text": undefined,
      }
    }
    accessible={true}
    collapsable={false}
    focusable={true}
    onClick={[Function]}
    onResponderGrant={[Function]}
    onResponderMove={[Function]}
    onResponderRelease={[Function]}
    onResponderTerminate={[Function]}
    onResponderTerminationRequest={[Function]}
    onStartShouldSetResponder={[Function]}
    style={
      {
        "alignItems": "center",
        "backgroundColor": "#f89f9f",
        "borderRadius": 12,
        "height": 40,
        "justifyContent": "center",
        "opacity": 1,
        "width": 100,
      }
    }
    testID="delete-button"
  >
    <Text
      style={
        {
          "color": "#fff",
          "fontWeight": "bold",
        }
      }
    >
      DELETE
    </Text>
  </View>
</View>
`;
